// Jest Snapshot v1, https://goo.gl/fbAQLP

exports[`ContinuousSlider renders correctly with given props 1`] = `
<DocumentFragment>
  <span
    class="MuiSlider-root MuiSlider-colorPrimary MuiSlider-sizeMedium css-187mznn-MuiSlider-root"
  >
    <span
      class="MuiSlider-rail css-14pt78w-MuiSlider-rail"
    />
    <span
      class="MuiSlider-track css-1gv0vcd-MuiSlider-track"
      style="left: 0%; width: 30%;"
    />
    <span
      class="MuiSlider-thumb MuiSlider-thumbSizeMedium MuiSlider-thumbColorPrimary MuiSlider-thumb MuiSlider-thumbSizeMedium MuiSlider-thumbColorPrimary css-eg0mwd-MuiSlider-thumb"
      data-index="0"
      style="left: 30%;"
    >
      <input
        aria-labelledby="continuous-slider"
        aria-orientation="horizontal"
        aria-valuemax="100"
        aria-valuemin="0"
        aria-valuenow="30"
        data-index="0"
        max="100"
        min="0"
        step="1"
        style="border: 0px; height: 100%; margin: -1px; overflow: hidden; padding: 0px; position: absolute; white-space: nowrap; width: 100%; direction: ltr;"
        type="range"
        value="30"
      />
    </span>
  </span>
</DocumentFragment>
`;
